
> passage@0.1.0-alpha test
> vitest run tests/history.test.ts


[1m[30m[46m RUN [49m[39m[22m [36mv4.1.10 [39m[90m/app/applet[39m

[90mstdout[2m | tests/history.test.ts[2m > [22m[2mWorkflow Designer History[2m > [22m[2mshould record history and undo/redo state changes correctly
[22m[39mSAMPLE WORKFLOWS LENGTH: [33m9[39m

[90mstdout[2m | tests/history.test.ts[2m > [22m[2mWorkflow Designer History[2m > [22m[2mshould record history and undo/redo state changes correctly
[22m[39mARE THEY EQUAL? [33mfalse[39m

[90mstdout[2m | tests/history.test.ts[2m > [22m[2mWorkflow Designer History[2m > [22m[2mshould restore selection on undo
[22m[39mSAMPLE WORKFLOWS LENGTH: [33m9[39m

[90mstdout[2m | tests/history.test.ts[2m > [22m[2mWorkflow Designer History[2m > [22m[2mshould restore selection on undo
[22m[39mARE THEY EQUAL? [33mfalse[39m
HISTORY RIGHT AFTER RESET: {"vendor-invoice-review":{"past":[{"workflowId":"vendor-invoice-review","workflowDefinition":{"id":"vendor-invoice-review","name":"Vendor Invoice Review","description":"Durable invoice validation, risk analysis, amount-based threshold routing, and human approval state machine.","version":"1.4.0","status":"published","initialStateId":"invoice-received","createdAt":"2026-08-01T10:00:00Z","updatedAt":"2026-08-04T03:45:00Z","defaultContext":{"caseId":"INV-2026-0142","invoice":{"id":"INV-2026-0142","amount":82400,"currency":"INR","vendorId":"VEND-9942","vendorName":"Acme Logistics Pvt Ltd","purchaseOrderId":"PO-8831","submittedAt":"2026-08-04T03:30:00Z"},"validation":{"schemaValid":true,"vendorActive":true,"purchaseOrderOpen":true},"analysis":{"riskScore":12,"recommendation":"Low risk vendor with verified purchase order match."},"approval":{"status":"pending"}},"states":[{"id":"invoice-received","name":"Invoice Received","description":"Initial state when invoice payload enters the Stateflow system.","type":"start","position":{"x":50,"y":220},"entryActions":[{"id":"act-log-entry","name":"Record Workflow Entry Audit","type":"audit","description":"Persists initial payload hash and case ID to append-only log."}],"activeActions":[],"exitActions":[],"transitions":[{"id":"tr-start-to-validate","name":"Start Processing","sourceStateId":"invoice-received","targetStateId":"validate-invoice","event":"WORKFLOW_STARTED","priority":10,"description":"Triggers invoice schema and vendor verification."}]},{"id":"validate-invoice","name":"Validate Invoice","description":"Verifies invoice schema, vendor registration, and purchase order status via API.","type":"atomic","position":{"x":340,"y":220},"entryActions":[{"id":"act-check-schema","name":"Validate Invoice Schema","type":"transform","description":"Ensures required fields (amount, currency, vendor ID) exist."}],"activeActions":[{"id":"act-api-vendor","name":"Check Vendor Registry API","type":"http","description":"Calls vendor service to confirm active registration.","httpConfig":{"method":"POST","url":"/api/vendor/check"}},{"id":"act-api-po","name":"Validate Purchase Order Status","type":"http","description":"Ensures PO balance matches invoice total.","httpConfig":{"method":"POST","url":"/api/po/validate"}}],"exitActions":[],"transitions":[{"id":"tr-val-passed","name":"Validation Passed","sourceStateId":"validate-invoice","targetStateId":"amount-decision","event":"VALIDATION_PASSED","priority":10,"guard":{"id":"guard-val-pass","name":"Vendor & Schema Valid","logic":"ALL","conditions":[{"id":"c-val-1","field":"$.validation.schemaValid","operator":"is_true"},{"id":"c-val-2","field":"$.validation.vendorActive","operator":"is_true"}]}},{"id":"tr-val-failed","name":"Validation Failed","sourceStateId":"validate-invoice","targetStateId":"needs-correction","event":"VALIDATION_FAILED","priority":5}]},{"id":"amount-decision","name":"Amount Decision","description":"Evaluates invoice total to route high-value items to finance approval.","type":"decision","position":{"x":670,"y":220},"entryActions":[],"activeActions":[],"exitActions":[],"transitions":[{"id":"tr-amount-high","name":"Above ₹50,000 Threshold","sourceStateId":"amount-decision","targetStateId":"finance-approval","event":"EVALUATE_AMOUNT","priority":20,"guard":{"id":"guard-above-50k","name":"Amount > ₹50,000","description":"Invoices over ₹50,000 require manual Finance Manager sign-off.","logic":"ALL","conditions":[{"id":"c-amt-1","field":"$.invoice.amount","operator":"greater_than","value":50000}]}},{"id":"tr-amount-low","name":"Standard Invoice (<= ₹50,000)","sourceStateId":"amount-decision","targetStateId":"analyse-risk","event":"EVALUATE_AMOUNT","priority":10,"guard":{"id":"guard-below-50k","name":"Amount <= ₹50,000","logic":"ALL","conditions":[{"id":"c-amt-2","field":"$.invoice.amount","operator":"less_than_or_equal","value":50000}]}}]},{"id":"analyse-risk","name":"Analyse Risk","description":"Runs AI risk analyst, fraud check API, and historical anomaly detection concurrently.","type":"parallel","position":{"x":980,"y":110},"parallelPolicy":{"mode":"all"},"entryActions":[],"activeActions":[{"id":"act-agent-risk","name":"Run Risk Analysis Agent","type":"agent","description":"Generates risk score and audit reasoning using Gemini.","agentConfig":{"agentName":"Risk Analyst Bot","modelProvider":"Google DeepMind","model":"gemini-3.6-flash","systemInstructions":"Inspect vendor invoice history, bank account matching, and PO variance."}},{"id":"act-fraud-api","name":"External Fraud Risk API","type":"http","description":"Checks global watchlists and duplicate invoice database.","httpConfig":{"method":"POST","url":"/api/fraud/verify"}}],"exitActions":[],"transitions":[{"id":"tr-risk-done","name":"Analysis Complete","sourceStateId":"analyse-risk","targetStateId":"ready-for-payment","event":"ANALYSIS_COMPLETED","priority":10}]},{"id":"finance-approval","name":"Finance Approval","description":"Suspends workflow execution until Finance Manager responds or 24h deadline expires.","type":"approval","position":{"x":980,"y":350},"timeout":{"durationMs":86400000,"event":"TIMEOUT_REACHED"},"entryActions":[{"id":"act-approval-request","name":"Request Finance Sign-Off","type":"human_task","description":"Assigns review item to Finance Manager role.","humanTaskConfig":{"assigneeRole":"Finance Manager","dueHours":24,"options":["APPROVE","REJECT","REQUEST_CHANGES"]}}],"activeActions":[],"exitActions":[],"transitions":[{"id":"tr-app-approved","name":"Approval Received","sourceStateId":"finance-approval","targetStateId":"ready-for-payment","event":"APPROVAL_RECEIVED","priority":20},{"id":"tr-app-rejected","name":"Rejection Received","sourceStateId":"finance-approval","targetStateId":"rejected","event":"REJECTION_RECEIVED","priority":15},{"id":"tr-app-changes","name":"Changes Requested","sourceStateId":"finance-approval","targetStateId":"needs-correction","event":"CHANGES_REQUESTED","priority":10},{"id":"tr-app-timeout","name":"24h SLA Timeout","sourceStateId":"finance-approval","targetStateId":"needs-correction","event":"TIMEOUT_REACHED","priority":5}]},{"id":"needs-correction","name":"Needs Correction","description":"Awaiting vendor or submitter correction payload before re-attempting validation.","type":"waiting","position":{"x":670,"y":480},"entryActions":[{"id":"act-notify-vendor","name":"Send Correction Notification","type":"notification"}],"activeActions":[],"exitActions":[],"transitions":[{"id":"tr-resubmit","name":"Correction Resubmitted","sourceStateId":"needs-correction","targetStateId":"validate-invoice","event":"CORRECTION_SUBMITTED","priority":10}]},{"id":"ready-for-payment","name":"Ready for Payment","description":"Terminal state: Invoice is approved and scheduled for disbursement.","type":"final","position":{"x":1300,"y":220},"entryActions":[{"id":"act-disburse","name":"Trigger ERP Disbursement API","type":"http","httpConfig":{"method":"POST","url":"/api/erp/disburse"}}],"activeActions":[],"exitActions":[],"transitions":[]},{"id":"rejected","name":"Rejected","description":"Terminal state: Invoice review was rejected.","type":"final","position":{"x":1300,"y":380},"entryActions":[],"activeActions":[],"exitActions":[],"transitions":[]},{"id":"cancelled","name":"Cancelled","description":"Terminal state: Invoice processing was cancelled by operator.","type":"final","position":{"x":1300,"y":510},"entryActions":[],"activeActions":[],"exitActions":[],"transitions":[]}]},"selectedStateId":"invoice-received","selectedTransitionId":null,"selectedStateIds":["invoice-received"],"selectedTransitionIds":[],"operation":"STATE_ADDED","timestamp":1785912306709}],"future":[]}}
ARE THEY EQUAL? [33mfalse[39m

[90mstdout[2m | tests/history.test.ts[2m > [22m[2mWorkflow Designer History[2m > [22m[2mshould clear future on new action
[22m[39mSAMPLE WORKFLOWS LENGTH: [33m9[39m

[90mstdout[2m | tests/history.test.ts[2m > [22m[2mWorkflow Designer History[2m > [22m[2mshould clear future on new action
[22m[39mARE THEY EQUAL? [33mfalse[39m
ARE THEY EQUAL? [33mfalse[39m

[90mstdout[2m | tests/history.test.ts[2m > [22m[2mWorkflow Designer History[2m > [22m[2mshould keep workflow histories isolated
[22m[39mSAMPLE WORKFLOWS LENGTH: [33m9[39m

[90mstdout[2m | tests/history.test.ts[2m > [22m[2mWorkflow Designer History[2m > [22m[2mshould keep workflow histories isolated
[22m[39mARE THEY EQUAL? [33mfalse[39m
ARE THEY EQUAL? [33mfalse[39m

[90mstdout[2m | tests/history.test.ts[2m > [22m[2mshould not create history on no-op
[22m[39mHISTORY RIGHT AFTER RESET: {"workflow-1":{"past":[{"workflowId":"workflow-1","workflowDefinition":{"id":"workflow-1","name":"WF 2","description":"","status":"draft","version":"1.0.0","initialStateId":"start-1","createdAt":"2026-08-05T06:45:06.723Z","updatedAt":"2026-08-05T06:45:06.723Z","states":[{"id":"start-1","name":"Start State","type":"start","position":{"x":250,"y":150},"entryActions":[],"activeActions":[],"exitActions":[],"transitions":[{"id":"tr-init","name":"Initialize","sourceStateId":"start-1","targetStateId":"step-1","event":"WORKFLOW_STARTED","priority":10}]},{"id":"step-1","name":"Process Step","type":"atomic","position":{"x":250,"y":300},"entryActions":[],"activeActions":[],"exitActions":[],"transitions":[{"id":"tr-finish","name":"Finish","sourceStateId":"step-1","targetStateId":"end-1","event":"STEP_COMPLETED","priority":10}]},{"id":"end-1","name":"End State","type":"final","position":{"x":250,"y":450},"entryActions":[],"activeActions":[],"exitActions":[],"transitions":[]}]},"selectedStateId":"start-1","selectedTransitionId":null,"selectedStateIds":["start-1"],"selectedTransitionIds":[],"operation":"STATE_ADDED","timestamp":1785912306726}],"future":[]},"vendor-invoice-review":{"past":[{"workflowId":"vendor-invoice-review","workflowDefinition":{"id":"vendor-invoice-review","name":"Vendor Invoice Review","description":"Durable invoice validation, risk analysis, amount-based threshold routing, and human approval state machine.","version":"1.4.0","status":"published","initialStateId":"invoice-received","createdAt":"2026-08-01T10:00:00Z","updatedAt":"2026-08-04T03:45:00Z","defaultContext":{"caseId":"INV-2026-0142","invoice":{"id":"INV-2026-0142","amount":82400,"currency":"INR","vendorId":"VEND-9942","vendorName":"Acme Logistics Pvt Ltd","purchaseOrderId":"PO-8831","submittedAt":"2026-08-04T03:30:00Z"},"validation":{"schemaValid":true,"vendorActive":true,"purchaseOrderOpen":true},"analysis":{"riskScore":12,"recommendation":"Low risk vendor with verified purchase order match."},"approval":{"status":"pending"}},"states":[{"id":"invoice-received","name":"Invoice Received","description":"Initial state when invoice payload enters the Stateflow system.","type":"start","position":{"x":50,"y":220},"entryActions":[{"id":"act-log-entry","name":"Record Workflow Entry Audit","type":"audit","description":"Persists initial payload hash and case ID to append-only log."}],"activeActions":[],"exitActions":[],"transitions":[{"id":"tr-start-to-validate","name":"Start Processing","sourceStateId":"invoice-received","targetStateId":"validate-invoice","event":"WORKFLOW_STARTED","priority":10,"description":"Triggers invoice schema and vendor verification."}]},{"id":"validate-invoice","name":"Validate Invoice","description":"Verifies invoice schema, vendor registration, and purchase order status via API.","type":"atomic","position":{"x":340,"y":220},"entryActions":[{"id":"act-check-schema","name":"Validate Invoice Schema","type":"transform","description":"Ensures required fields (amount, currency, vendor ID) exist."}],"activeActions":[{"id":"act-api-vendor","name":"Check Vendor Registry API","type":"http","description":"Calls vendor service to confirm active registration.","httpConfig":{"method":"POST","url":"/api/vendor/check"}},{"id":"act-api-po","name":"Validate Purchase Order Status","type":"http","description":"Ensures PO balance matches invoice total.","httpConfig":{"method":"POST","url":"/api/po/validate"}}],"exitActions":[],"transitions":[{"id":"tr-val-passed","name":"Validation Passed","sourceStateId":"validate-invoice","targetStateId":"amount-decision","event":"VALIDATION_PASSED","priority":10,"guard":{"id":"guard-val-pass","name":"Vendor & Schema Valid","logic":"ALL","conditions":[{"id":"c-val-1","field":"$.validation.schemaValid","operator":"is_true"},{"id":"c-val-2","field":"$.validation.vendorActive","operator":"is_true"}]}},{"id":"tr-val-failed","name":"Validation Failed","sourceStateId":"validate-invoice","targetStateId":"needs-correction","event":"VALIDATION_FAILED","priority":5}]},{"id":"amount-decision","name":"Amount Decision","description":"Evaluates invoice total to route high-value items to finance approval.","type":"decision","position":{"x":670,"y":220},"entryActions":[],"activeActions":[],"exitActions":[],"transitions":[{"id":"tr-amount-high","name":"Above ₹50,000 Threshold","sourceStateId":"amount-decision","targetStateId":"finance-approval","event":"EVALUATE_AMOUNT","priority":20,"guard":{"id":"guard-above-50k","name":"Amount > ₹50,000","description":"Invoices over ₹50,000 require manual Finance Manager sign-off.","logic":"ALL","conditions":[{"id":"c-amt-1","field":"$.invoice.amount","operator":"greater_than","value":50000}]}},{"id":"tr-amount-low","name":"Standard Invoice (<= ₹50,000)","sourceStateId":"amount-decision","targetStateId":"analyse-risk","event":"EVALUATE_AMOUNT","priority":10,"guard":{"id":"guard-below-50k","name":"Amount <= ₹50,000","logic":"ALL","conditions":[{"id":"c-amt-2","field":"$.invoice.amount","operator":"less_than_or_equal","value":50000}]}}]},{"id":"analyse-risk","name":"Analyse Risk","description":"Runs AI risk analyst, fraud check API, and historical anomaly detection concurrently.","type":"parallel","position":{"x":980,"y":110},"parallelPolicy":{"mode":"all"},"entryActions":[],"activeActions":[{"id":"act-agent-risk","name":"Run Risk Analysis Agent","type":"agent","description":"Generates risk score and audit reasoning using Gemini.","agentConfig":{"agentName":"Risk Analyst Bot","modelProvider":"Google DeepMind","model":"gemini-3.6-flash","systemInstructions":"Inspect vendor invoice history, bank account matching, and PO variance."}},{"id":"act-fraud-api","name":"External Fraud Risk API","type":"http","description":"Checks global watchlists and duplicate invoice database.","httpConfig":{"method":"POST","url":"/api/fraud/verify"}}],"exitActions":[],"transitions":[{"id":"tr-risk-done","name":"Analysis Complete","sourceStateId":"analyse-risk","targetStateId":"ready-for-payment","event":"ANALYSIS_COMPLETED","priority":10}]},{"id":"finance-approval","name":"Finance Approval","description":"Suspends workflow execution until Finance Manager responds or 24h deadline expires.","type":"approval","position":{"x":980,"y":350},"timeout":{"durationMs":86400000,"event":"TIMEOUT_REACHED"},"entryActions":[{"id":"act-approval-request","name":"Request Finance Sign-Off","type":"human_task","description":"Assigns review item to Finance Manager role.","humanTaskConfig":{"assigneeRole":"Finance Manager","dueHours":24,"options":["APPROVE","REJECT","REQUEST_CHANGES"]}}],"activeActions":[],"exitActions":[],"transitions":[{"id":"tr-app-approved","name":"Approval Received","sourceStateId":"finance-approval","targetStateId":"ready-for-payment","event":"APPROVAL_RECEIVED","priority":20},{"id":"tr-app-rejected","name":"Rejection Received","sourceStateId":"finance-approval","targetStateId":"rejected","event":"REJECTION_RECEIVED","priority":15},{"id":"tr-app-changes","name":"Changes Requested","sourceStateId":"finance-approval","targetStateId":"needs-correction","event":"CHANGES_REQUESTED","priority":10},{"id":"tr-app-timeout","name":"24h SLA Timeout","sourceStateId":"finance-approval","targetStateId":"needs-correction","event":"TIMEOUT_REACHED","priority":5}]},{"id":"needs-correction","name":"Needs Correction","description":"Awaiting vendor or submitter correction payload before re-attempting validation.","type":"waiting","position":{"x":670,"y":480},"entryActions":[{"id":"act-notify-vendor","name":"Send Correction Notification","type":"notification"}],"activeActions":[],"exitActions":[],"transitions":[{"id":"tr-resubmit","name":"Correction Resubmitted","sourceStateId":"needs-correction","targetStateId":"validate-invoice","event":"CORRECTION_SUBMITTED","priority":10}]},{"id":"ready-for-payment","name":"Ready for Payment","description":"Terminal state: Invoice is approved and scheduled for disbursement.","type":"final","position":{"x":1300,"y":220},"entryActions":[{"id":"act-disburse","name":"Trigger ERP Disbursement API","type":"http","httpConfig":{"method":"POST","url":"/api/erp/disburse"}}],"activeActions":[],"exitActions":[],"transitions":[]},{"id":"rejected","name":"Rejected","description":"Terminal state: Invoice review was rejected.","type":"final","position":{"x":1300,"y":380},"entryActions":[],"activeActions":[],"exitActions":[],"transitions":[]},{"id":"cancelled","name":"Cancelled","description":"Terminal state: Invoice processing was cancelled by operator.","type":"final","position":{"x":1300,"y":510},"entryActions":[],"activeActions":[],"exitActions":[],"transitions":[]}]},"selectedStateId":"invoice-received","selectedTransitionId":null,"selectedStateIds":["invoice-received"],"selectedTransitionIds":[],"operation":"STATE_ADDED","timestamp":1785912306725}],"future":[]}}
ARE THEY EQUAL? [33mtrue[39m

[90mstdout[2m | tests/history.test.ts[2m > [22m[2mshould group field-specific changes within 1 second
[22m[39mHISTORY RIGHT AFTER RESET: {"workflow-1":{"past":[{"workflowId":"workflow-1","workflowDefinition":{"id":"workflow-1","name":"WF 2","description":"","status":"draft","version":"1.0.0","initialStateId":"start-1","createdAt":"2026-08-05T06:45:06.723Z","updatedAt":"2026-08-05T06:45:06.723Z","states":[{"id":"start-1","name":"Start State","type":"start","position":{"x":250,"y":150},"entryActions":[],"activeActions":[],"exitActions":[],"transitions":[{"id":"tr-init","name":"Initialize","sourceStateId":"start-1","targetStateId":"step-1","event":"WORKFLOW_STARTED","priority":10}]},{"id":"step-1","name":"Process Step","type":"atomic","position":{"x":250,"y":300},"entryActions":[],"activeActions":[],"exitActions":[],"transitions":[{"id":"tr-finish","name":"Finish","sourceStateId":"step-1","targetStateId":"end-1","event":"STEP_COMPLETED","priority":10}]},{"id":"end-1","name":"End State","type":"final","position":{"x":250,"y":450},"entryActions":[],"activeActions":[],"exitActions":[],"transitions":[]}]},"selectedStateId":"start-1","selectedTransitionId":null,"selectedStateIds":["start-1"],"selectedTransitionIds":[],"operation":"STATE_ADDED","timestamp":1785912306726}],"future":[]},"vendor-invoice-review":{"past":[{"workflowId":"vendor-invoice-review","workflowDefinition":{"id":"vendor-invoice-review","name":"Vendor Invoice Review","description":"Durable invoice validation, risk analysis, amount-based threshold routing, and human approval state machine.","version":"1.4.0","status":"published","initialStateId":"invoice-received","createdAt":"2026-08-01T10:00:00Z","updatedAt":"2026-08-04T03:45:00Z","defaultContext":{"caseId":"INV-2026-0142","invoice":{"id":"INV-2026-0142","amount":82400,"currency":"INR","vendorId":"VEND-9942","vendorName":"Acme Logistics Pvt Ltd","purchaseOrderId":"PO-8831","submittedAt":"2026-08-04T03:30:00Z"},"validation":{"schemaValid":true,"vendorActive":true,"purchaseOrderOpen":true},"analysis":{"riskScore":12,"recommendation":"Low risk vendor with verified purchase order match."},"approval":{"status":"pending"}},"states":[{"id":"invoice-received","name":"Invoice Received","description":"Initial state when invoice payload enters the Stateflow system.","type":"start","position":{"x":50,"y":220},"entryActions":[{"id":"act-log-entry","name":"Record Workflow Entry Audit","type":"audit","description":"Persists initial payload hash and case ID to append-only log."}],"activeActions":[],"exitActions":[],"transitions":[{"id":"tr-start-to-validate","name":"Start Processing","sourceStateId":"invoice-received","targetStateId":"validate-invoice","event":"WORKFLOW_STARTED","priority":10,"description":"Triggers invoice schema and vendor verification."}]},{"id":"validate-invoice","name":"Validate Invoice","description":"Verifies invoice schema, vendor registration, and purchase order status via API.","type":"atomic","position":{"x":340,"y":220},"entryActions":[{"id":"act-check-schema","name":"Validate Invoice Schema","type":"transform","description":"Ensures required fields (amount, currency, vendor ID) exist."}],"activeActions":[{"id":"act-api-vendor","name":"Check Vendor Registry API","type":"http","description":"Calls vendor service to confirm active registration.","httpConfig":{"method":"POST","url":"/api/vendor/check"}},{"id":"act-api-po","name":"Validate Purchase Order Status","type":"http","description":"Ensures PO balance matches invoice total.","httpConfig":{"method":"POST","url":"/api/po/validate"}}],"exitActions":[],"transitions":[{"id":"tr-val-passed","name":"Validation Passed","sourceStateId":"validate-invoice","targetStateId":"amount-decision","event":"VALIDATION_PASSED","priority":10,"guard":{"id":"guard-val-pass","name":"Vendor & Schema Valid","logic":"ALL","conditions":[{"id":"c-val-1","field":"$.validation.schemaValid","operator":"is_true"},{"id":"c-val-2","field":"$.validation.vendorActive","operator":"is_true"}]}},{"id":"tr-val-failed","name":"Validation Failed","sourceStateId":"validate-invoice","targetStateId":"needs-correction","event":"VALIDATION_FAILED","priority":5}]},{"id":"amount-decision","name":"Amount Decision","description":"Evaluates invoice total to route high-value items to finance approval.","type":"decision","position":{"x":670,"y":220},"entryActions":[],"activeActions":[],"exitActions":[],"transitions":[{"id":"tr-amount-high","name":"Above ₹50,000 Threshold","sourceStateId":"amount-decision","targetStateId":"finance-approval","event":"EVALUATE_AMOUNT","priority":20,"guard":{"id":"guard-above-50k","name":"Amount > ₹50,000","description":"Invoices over ₹50,000 require manual Finance Manager sign-off.","logic":"ALL","conditions":[{"id":"c-amt-1","field":"$.invoice.amount","operator":"greater_than","value":50000}]}},{"id":"tr-amount-low","name":"Standard Invoice (<= ₹50,000)","sourceStateId":"amount-decision","targetStateId":"analyse-risk","event":"EVALUATE_AMOUNT","priority":10,"guard":{"id":"guard-below-50k","name":"Amount <= ₹50,000","logic":"ALL","conditions":[{"id":"c-amt-2","field":"$.invoice.amount","operator":"less_than_or_equal","value":50000}]}}]},{"id":"analyse-risk","name":"Analyse Risk","description":"Runs AI risk analyst, fraud check API, and historical anomaly detection concurrently.","type":"parallel","position":{"x":980,"y":110},"parallelPolicy":{"mode":"all"},"entryActions":[],"activeActions":[{"id":"act-agent-risk","name":"Run Risk Analysis Agent","type":"agent","description":"Generates risk score and audit reasoning using Gemini.","agentConfig":{"agentName":"Risk Analyst Bot","modelProvider":"Google DeepMind","model":"gemini-3.6-flash","systemInstructions":"Inspect vendor invoice history, bank account matching, and PO variance."}},{"id":"act-fraud-api","name":"External Fraud Risk API","type":"http","description":"Checks global watchlists and duplicate invoice database.","httpConfig":{"method":"POST","url":"/api/fraud/verify"}}],"exitActions":[],"transitions":[{"id":"tr-risk-done","name":"Analysis Complete","sourceStateId":"analyse-risk","targetStateId":"ready-for-payment","event":"ANALYSIS_COMPLETED","priority":10}]},{"id":"finance-approval","name":"Finance Approval","description":"Suspends workflow execution until Finance Manager responds or 24h deadline expires.","type":"approval","position":{"x":980,"y":350},"timeout":{"durationMs":86400000,"event":"TIMEOUT_REACHED"},"entryActions":[{"id":"act-approval-request","name":"Request Finance Sign-Off","type":"human_task","description":"Assigns review item to Finance Manager role.","humanTaskConfig":{"assigneeRole":"Finance Manager","dueHours":24,"options":["APPROVE","REJECT","REQUEST_CHANGES"]}}],"activeActions":[],"exitActions":[],"transitions":[{"id":"tr-app-approved","name":"Approval Received","sourceStateId":"finance-approval","targetStateId":"ready-for-payment","event":"APPROVAL_RECEIVED","priority":20},{"id":"tr-app-rejected","name":"Rejection Received","sourceStateId":"finance-approval","targetStateId":"rejected","event":"REJECTION_RECEIVED","priority":15},{"id":"tr-app-changes","name":"Changes Requested","sourceStateId":"finance-approval","targetStateId":"needs-correction","event":"CHANGES_REQUESTED","priority":10},{"id":"tr-app-timeout","name":"24h SLA Timeout","sourceStateId":"finance-approval","targetStateId":"needs-correction","event":"TIMEOUT_REACHED","priority":5}]},{"id":"needs-correction","name":"Needs Correction","description":"Awaiting vendor or submitter correction payload before re-attempting validation.","type":"waiting","position":{"x":670,"y":480},"entryActions":[{"id":"act-notify-vendor","name":"Send Correction Notification","type":"notification"}],"activeActions":[],"exitActions":[],"transitions":[{"id":"tr-resubmit","name":"Correction Resubmitted","sourceStateId":"needs-correction","targetStateId":"validate-invoice","event":"CORRECTION_SUBMITTED","priority":10}]},{"id":"ready-for-payment","name":"Ready for Payment","description":"Terminal state: Invoice is approved and scheduled for disbursement.","type":"final","position":{"x":1300,"y":220},"entryActions":[{"id":"act-disburse","name":"Trigger ERP Disbursement API","type":"http","httpConfig":{"method":"POST","url":"/api/erp/disburse"}}],"activeActions":[],"exitActions":[],"transitions":[]},{"id":"rejected","name":"Rejected","description":"Terminal state: Invoice review was rejected.","type":"final","position":{"x":1300,"y":380},"entryActions":[],"activeActions":[],"exitActions":[],"transitions":[]},{"id":"cancelled","name":"Cancelled","description":"Terminal state: Invoice processing was cancelled by operator.","type":"final","position":{"x":1300,"y":510},"entryActions":[],"activeActions":[],"exitActions":[],"transitions":[]}]},"selectedStateId":"invoice-received","selectedTransitionId":null,"selectedStateIds":["invoice-received"],"selectedTransitionIds":[],"operation":"STATE_ADDED","timestamp":1785912306725}],"future":[]}}
ARE THEY EQUAL? [33mfalse[39m
HISTORY RIGHT AFTER RESET: {"workflow-1":{"past":[{"workflowId":"workflow-1","workflowDefinition":{"id":"workflow-1","name":"WF 2","description":"","status":"draft","version":"1.0.0","initialStateId":"start-1","createdAt":"2026-08-05T06:45:06.723Z","updatedAt":"2026-08-05T06:45:06.723Z","states":[{"id":"start-1","name":"Start State","type":"start","position":{"x":250,"y":150},"entryActions":[],"activeActions":[],"exitActions":[],"transitions":[{"id":"tr-init","name":"Initialize","sourceStateId":"start-1","targetStateId":"step-1","event":"WORKFLOW_STARTED","priority":10}]},{"id":"step-1","name":"Process Step","type":"atomic","position":{"x":250,"y":300},"entryActions":[],"activeActions":[],"exitActions":[],"transitions":[{"id":"tr-finish","name":"Finish","sourceStateId":"step-1","targetStateId":"end-1","event":"STEP_COMPLETED","priority":10}]},{"id":"end-1","name":"End State","type":"final","position":{"x":250,"y":450},"entryActions":[],"activeActions":[],"exitActions":[],"transitions":[]}]},"selectedStateId":"start-1","selectedTransitionId":null,"selectedStateIds":["start-1"],"selectedTransitionIds":[],"operation":"STATE_ADDED","timestamp":1785912306726}],"future":[]},"vendor-invoice-review":{"past":[{"workflowId":"vendor-invoice-review","workflowDefinition":{"id":"vendor-invoice-review","name":"Vendor Invoice Review","description":"Durable invoice validation, risk analysis, amount-based threshold routing, and human approval state machine.","version":"1.4.0","status":"published","initialStateId":"invoice-received","createdAt":"2026-08-01T10:00:00Z","updatedAt":"2026-08-04T03:45:00Z","defaultContext":{"caseId":"INV-2026-0142","invoice":{"id":"INV-2026-0142","amount":82400,"currency":"INR","vendorId":"VEND-9942","vendorName":"Acme Logistics Pvt Ltd","purchaseOrderId":"PO-8831","submittedAt":"2026-08-04T03:30:00Z"},"validation":{"schemaValid":true,"vendorActive":true,"purchaseOrderOpen":true},"analysis":{"riskScore":12,"recommendation":"Low risk vendor with verified purchase order match."},"approval":{"status":"pending"}},"states":[{"id":"invoice-received","name":"Invoice Received","description":"Initial state when invoice payload enters the Stateflow system.","type":"start","position":{"x":50,"y":220},"entryActions":[{"id":"act-log-entry","name":"Record Workflow Entry Audit","type":"audit","description":"Persists initial payload hash and case ID to append-only log."}],"activeActions":[],"exitActions":[],"transitions":[{"id":"tr-start-to-validate","name":"Start Processing","sourceStateId":"invoice-received","targetStateId":"validate-invoice","event":"WORKFLOW_STARTED","priority":10,"description":"Triggers invoice schema and vendor verification."}]},{"id":"validate-invoice","name":"Validate Invoice","description":"Verifies invoice schema, vendor registration, and purchase order status via API.","type":"atomic","position":{"x":340,"y":220},"entryActions":[{"id":"act-check-schema","name":"Validate Invoice Schema","type":"transform","description":"Ensures required fields (amount, currency, vendor ID) exist."}],"activeActions":[{"id":"act-api-vendor","name":"Check Vendor Registry API","type":"http","description":"Calls vendor service to confirm active registration.","httpConfig":{"method":"POST","url":"/api/vendor/check"}},{"id":"act-api-po","name":"Validate Purchase Order Status","type":"http","description":"Ensures PO balance matches invoice total.","httpConfig":{"method":"POST","url":"/api/po/validate"}}],"exitActions":[],"transitions":[{"id":"tr-val-passed","name":"Validation Passed","sourceStateId":"validate-invoice","targetStateId":"amount-decision","event":"VALIDATION_PASSED","priority":10,"guard":{"id":"guard-val-pass","name":"Vendor & Schema Valid","logic":"ALL","conditions":[{"id":"c-val-1","field":"$.validation.schemaValid","operator":"is_true"},{"id":"c-val-2","field":"$.validation.vendorActive","operator":"is_true"}]}},{"id":"tr-val-failed","name":"Validation Failed","sourceStateId":"validate-invoice","targetStateId":"needs-correction","event":"VALIDATION_FAILED","priority":5}]},{"id":"amount-decision","name":"Amount Decision","description":"Evaluates invoice total to route high-value items to finance approval.","type":"decision","position":{"x":670,"y":220},"entryActions":[],"activeActions":[],"exitActions":[],"transitions":[{"id":"tr-amount-high","name":"Above ₹50,000 Threshold","sourceStateId":"amount-decision","targetStateId":"finance-approval","event":"EVALUATE_AMOUNT","priority":20,"guard":{"id":"guard-above-50k","name":"Amount > ₹50,000","description":"Invoices over ₹50,000 require manual Finance Manager sign-off.","logic":"ALL","conditions":[{"id":"c-amt-1","field":"$.invoice.amount","operator":"greater_than","value":50000}]}},{"id":"tr-amount-low","name":"Standard Invoice (<= ₹50,000)","sourceStateId":"amount-decision","targetStateId":"analyse-risk","event":"EVALUATE_AMOUNT","priority":10,"guard":{"id":"guard-below-50k","name":"Amount <= ₹50,000","logic":"ALL","conditions":[{"id":"c-amt-2","field":"$.invoice.amount","operator":"less_than_or_equal","value":50000}]}}]},{"id":"analyse-risk","name":"Analyse Risk","description":"Runs AI risk analyst, fraud check API, and historical anomaly detection concurrently.","type":"parallel","position":{"x":980,"y":110},"parallelPolicy":{"mode":"all"},"entryActions":[],"activeActions":[{"id":"act-agent-risk","name":"Run Risk Analysis Agent","type":"agent","description":"Generates risk score and audit reasoning using Gemini.","agentConfig":{"agentName":"Risk Analyst Bot","modelProvider":"Google DeepMind","model":"gemini-3.6-flash","systemInstructions":"Inspect vendor invoice history, bank account matching, and PO variance."}},{"id":"act-fraud-api","name":"External Fraud Risk API","type":"http","description":"Checks global watchlists and duplicate invoice database.","httpConfig":{"method":"POST","url":"/api/fraud/verify"}}],"exitActions":[],"transitions":[{"id":"tr-risk-done","name":"Analysis Complete","sourceStateId":"analyse-risk","targetStateId":"ready-for-payment","event":"ANALYSIS_COMPLETED","priority":10}]},{"id":"finance-approval","name":"Finance Approval","description":"Suspends workflow execution until Finance Manager responds or 24h deadline expires.","type":"approval","position":{"x":980,"y":350},"timeout":{"durationMs":86400000,"event":"TIMEOUT_REACHED"},"entryActions":[{"id":"act-approval-request","name":"Request Finance Sign-Off","type":"human_task","description":"Assigns review item to Finance Manager role.","humanTaskConfig":{"assigneeRole":"Finance Manager","dueHours":24,"options":["APPROVE","REJECT","REQUEST_CHANGES"]}}],"activeActions":[],"exitActions":[],"transitions":[{"id":"tr-app-approved","name":"Approval Received","sourceStateId":"finance-approval","targetStateId":"ready-for-payment","event":"APPROVAL_RECEIVED","priority":20},{"id":"tr-app-rejected","name":"Rejection Received","sourceStateId":"finance-approval","targetStateId":"rejected","event":"REJECTION_RECEIVED","priority":15},{"id":"tr-app-changes","name":"Changes Requested","sourceStateId":"finance-approval","targetStateId":"needs-correction","event":"CHANGES_REQUESTED","priority":10},{"id":"tr-app-timeout","name":"24h SLA Timeout","sourceStateId":"finance-approval","targetStateId":"needs-correction","event":"TIMEOUT_REACHED","priority":5}]},{"id":"needs-correction","name":"Needs Correction","description":"Awaiting vendor or submitter correction payload before re-attempting validation.","type":"waiting","position":{"x":670,"y":480},"entryActions":[{"id":"act-notify-vendor","name":"Send Correction Notification","type":"notification"}],"activeActions":[],"exitActions":[],"transitions":[{"id":"tr-resubmit","name":"Correction Resubmitted","sourceStateId":"needs-correction","targetStateId":"validate-invoice","event":"CORRECTION_SUBMITTED","priority":10}]},{"id":"ready-for-payment","name":"Ready for Payment","description":"Terminal state: Invoice is approved and scheduled for disbursement.","type":"final","position":{"x":1300,"y":220},"entryActions":[{"id":"act-disburse","name":"Trigger ERP Disbursement API","type":"http","httpConfig":{"method":"POST","url":"/api/erp/disburse"}}],"activeActions":[],"exitActions":[],"transitions":[]},{"id":"rejected","name":"Rejected","description":"Terminal state: Invoice review was rejected.","type":"final","position":{"x":1300,"y":380},"entryActions":[],"activeActions":[],"exitActions":[],"transitions":[]},{"id":"cancelled","name":"Cancelled","description":"Terminal state: Invoice processing was cancelled by operator.","type":"final","position":{"x":1300,"y":510},"entryActions":[],"activeActions":[],"exitActions":[],"transitions":[]}]},"selectedStateId":"invoice-received","selectedTransitionId":null,"selectedStateIds":["invoice-received"],"selectedTransitionIds":[],"operation":"STATE_ADDED","timestamp":1785912306725},{"workflowId":"vendor-invoice-review","workflowDefinition":{"id":"vendor-invoice-review","name":"Vendor Invoice Review","description":"Durable invoice validation, risk analysis, amount-based threshold routing, and human approval state machine.","version":"1.4.0","status":"published","initialStateId":"invoice-received","createdAt":"2026-08-01T10:00:00Z","updatedAt":"2026-08-05T06:45:06.725Z","defaultContext":{"caseId":"INV-2026-0142","invoice":{"id":"INV-2026-0142","amount":82400,"currency":"INR","vendorId":"VEND-9942","vendorName":"Acme Logistics Pvt Ltd","purchaseOrderId":"PO-8831","submittedAt":"2026-08-04T03:30:00Z"},"validation":{"schemaValid":true,"vendorActive":true,"purchaseOrderOpen":true},"analysis":{"riskScore":12,"recommendation":"Low risk vendor with verified purchase order match."},"approval":{"status":"pending"}},"states":[{"id":"invoice-received","name":"Invoice Received","description":"Initial state when invoice payload enters the Stateflow system.","type":"start","position":{"x":50,"y":220},"entryActions":[{"id":"act-log-entry","name":"Record Workflow Entry Audit","type":"audit","description":"Persists initial payload hash and case ID to append-only log."}],"activeActions":[],"exitActions":[],"transitions":[{"id":"tr-start-to-validate","name":"Start Processing","sourceStateId":"invoice-received","targetStateId":"validate-invoice","event":"WORKFLOW_STARTED","priority":10,"description":"Triggers invoice schema and vendor verification."}]},{"id":"validate-invoice","name":"Validate Invoice","description":"Verifies invoice schema, vendor registration, and purchase order status via API.","type":"atomic","position":{"x":340,"y":220},"entryActions":[{"id":"act-check-schema","name":"Validate Invoice Schema","type":"transform","description":"Ensures required fields (amount, currency, vendor ID) exist."}],"activeActions":[{"id":"act-api-vendor","name":"Check Vendor Registry API","type":"http","description":"Calls vendor service to confirm active registration.","httpConfig":{"method":"POST","url":"/api/vendor/check"}},{"id":"act-api-po","name":"Validate Purchase Order Status","type":"http","description":"Ensures PO balance matches invoice total.","httpConfig":{"method":"POST","url":"/api/po/validate"}}],"exitActions":[],"transitions":[{"id":"tr-val-passed","name":"Validation Passed","sourceStateId":"validate-invoice","targetStateId":"amount-decision","event":"VALIDATION_PASSED","priority":10,"guard":{"id":"guard-val-pass","name":"Vendor & Schema Valid","logic":"ALL","conditions":[{"id":"c-val-1","field":"$.validation.schemaValid","operator":"is_true"},{"id":"c-val-2","field":"$.validation.vendorActive","operator":"is_true"}]}},{"id":"tr-val-failed","name":"Validation Failed","sourceStateId":"validate-invoice","targetStateId":"needs-correction","event":"VALIDATION_FAILED","priority":5}]},{"id":"amount-decision","name":"Amount Decision","description":"Evaluates invoice total to route high-value items to finance approval.","type":"decision","position":{"x":670,"y":220},"entryActions":[],"activeActions":[],"exitActions":[],"transitions":[{"id":"tr-amount-high","name":"Above ₹50,000 Threshold","sourceStateId":"amount-decision","targetStateId":"finance-approval","event":"EVALUATE_AMOUNT","priority":20,"guard":{"id":"guard-above-50k","name":"Amount > ₹50,000","description":"Invoices over ₹50,000 require manual Finance Manager sign-off.","logic":"ALL","conditions":[{"id":"c-amt-1","field":"$.invoice.amount","operator":"greater_than","value":50000}]}},{"id":"tr-amount-low","name":"Standard Invoice (<= ₹50,000)","sourceStateId":"amount-decision","targetStateId":"analyse-risk","event":"EVALUATE_AMOUNT","priority":10,"guard":{"id":"guard-below-50k","name":"Amount <= ₹50,000","logic":"ALL","conditions":[{"id":"c-amt-2","field":"$.invoice.amount","operator":"less_than_or_equal","value":50000}]}}]},{"id":"analyse-risk","name":"Analyse Risk","description":"Runs AI risk analyst, fraud check API, and historical anomaly detection concurrently.","type":"parallel","position":{"x":980,"y":110},"parallelPolicy":{"mode":"all"},"entryActions":[],"activeActions":[{"id":"act-agent-risk","name":"Run Risk Analysis Agent","type":"agent","description":"Generates risk score and audit reasoning using Gemini.","agentConfig":{"agentName":"Risk Analyst Bot","modelProvider":"Google DeepMind","model":"gemini-3.6-flash","systemInstructions":"Inspect vendor invoice history, bank account matching, and PO variance."}},{"id":"act-fraud-api","name":"External Fraud Risk API","type":"http","description":"Checks global watchlists and duplicate invoice database.","httpConfig":{"method":"POST","url":"/api/fraud/verify"}}],"exitActions":[],"transitions":[{"id":"tr-risk-done","name":"Analysis Complete","sourceStateId":"analyse-risk","targetStateId":"ready-for-payment","event":"ANALYSIS_COMPLETED","priority":10}]},{"id":"finance-approval","name":"Finance Approval","description":"Suspends workflow execution until Finance Manager responds or 24h deadline expires.","type":"approval","position":{"x":980,"y":350},"timeout":{"durationMs":86400000,"event":"TIMEOUT_REACHED"},"entryActions":[{"id":"act-approval-request","name":"Request Finance Sign-Off","type":"human_task","description":"Assigns review item to Finance Manager role.","humanTaskConfig":{"assigneeRole":"Finance Manager","dueHours":24,"options":["APPROVE","REJECT","REQUEST_CHANGES"]}}],"activeActions":[],"exitActions":[],"transitions":[{"id":"tr-app-approved","name":"Approval Received","sourceStateId":"finance-approval","targetStateId":"ready-for-payment","event":"APPROVAL_RECEIVED","priority":20},{"id":"tr-app-rejected","name":"Rejection Received","sourceStateId":"finance-approval","targetStateId":"rejected","event":"REJECTION_RECEIVED","priority":15},{"id":"tr-app-changes","name":"Changes Requested","sourceStateId":"finance-approval","targetStateId":"needs-correction","event":"CHANGES_REQUESTED","priority":10},{"id":"tr-app-timeout","name":"24h SLA Timeout","sourceStateId":"finance-approval","targetStateId":"needs-correction","event":"TIMEOUT_REACHED","priority":5}]},{"id":"needs-correction","name":"Needs Correction","description":"Awaiting vendor or submitter correction payload before re-attempting validation.","type":"waiting","position":{"x":670,"y":480},"entryActions":[{"id":"act-notify-vendor","name":"Send Correction Notification","type":"notification"}],"activeActions":[],"exitActions":[],"transitions":[{"id":"tr-resubmit","name":"Correction Resubmitted","sourceStateId":"needs-correction","targetStateId":"validate-invoice","event":"CORRECTION_SUBMITTED","priority":10}]},{"id":"ready-for-payment","name":"Ready for Payment","description":"Terminal state: Invoice is approved and scheduled for disbursement.","type":"final","position":{"x":1300,"y":220},"entryActions":[{"id":"act-disburse","name":"Trigger ERP Disbursement API","type":"http","httpConfig":{"method":"POST","url":"/api/erp/disburse"}}],"activeActions":[],"exitActions":[],"transitions":[]},{"id":"rejected","name":"Rejected","description":"Terminal state: Invoice review was rejected.","type":"final","position":{"x":1300,"y":380},"entryActions":[],"activeActions":[],"exitActions":[],"transitions":[]},{"id":"cancelled","name":"Cancelled","description":"Terminal state: Invoice processing was cancelled by operator.","type":"final","position":{"x":1300,"y":510},"entryActions":[],"activeActions":[],"exitActions":[],"transitions":[]},{"name":"WF1 State","type":"atomic","position":{"x":0,"y":0},"entryActions":[],"activeActions":[],"exitActions":[],"transitions":[],"id":"state-1"}]},"selectedStateId":"state-2","selectedTransitionId":null,"selectedStateIds":["state-2"],"selectedTransitionIds":[],"operation":"STATE_UPDATED","timestamp":1785912306740,"groupKey":"state:invoice-received:update:name"}],"future":[]}}
ARE THEY EQUAL? [33mfalse[39m

[90mstdout[2m | tests/history.test.ts[2m > [22m[2mshould make clear canvas undoable
[22m[39mARE THEY EQUAL? [33mfalse[39m

[90mstdout[2m | tests/history.test.ts[2m > [22m[2mshould limit history to 100 entries
[22m[39mARE THEY EQUAL? [33mfalse[39m
ARE THEY EQUAL? [33mfalse[39m
ARE THEY EQUAL? [33mfalse[39m
ARE THEY EQUAL? [33mfalse[39m
ARE THEY EQUAL? [33mfalse[39m
ARE THEY EQUAL? [33mfalse[39m
ARE THEY EQUAL? [33mfalse[39m
ARE THEY EQUAL? [33mfalse[39m
ARE THEY EQUAL? [33mfalse[39m
ARE THEY EQUAL? [33mfalse[39m
ARE THEY EQUAL? [33mfalse[39m
ARE THEY EQUAL? [33mfalse[39m
ARE THEY EQUAL? [33mfalse[39m
ARE THEY EQUAL? [33mfalse[39m
ARE THEY EQUAL? [33mfalse[39m
ARE THEY EQUAL? [33mfalse[39m
ARE THEY EQUAL? [33mfalse[39m
ARE THEY EQUAL? [33mfalse[39m
ARE THEY EQUAL? [33mfalse[39m
ARE THEY EQUAL? [33mfalse[39m
ARE THEY EQUAL? [33mfalse[39m
ARE THEY EQUAL? [33mfalse[39m
ARE THEY EQUAL? [33mfalse[39m
ARE THEY EQUAL? [33mfalse[39m
ARE THEY EQUAL? [33mfalse[39m
ARE THEY EQUAL? [33mfalse[39m
ARE THEY EQUAL? [33mfalse[39m
ARE THEY EQUAL? [33mfalse[39m
ARE THEY EQUAL? [33mfalse[39m
ARE THEY EQUAL? [33mfalse[39m
ARE THEY EQUAL? [33mfalse[39m
ARE THEY EQUAL? [33mfalse[39m
ARE THEY EQUAL? [33mfalse[39m
ARE THEY EQUAL? [33mfalse[39m
ARE THEY EQUAL? [33mfalse[39m
ARE THEY EQUAL? [33mfalse[39m
ARE THEY EQUAL? [33mfalse[39m
ARE THEY EQUAL? [33mfalse[39m
ARE THEY EQUAL? [33mfalse[39m
ARE THEY EQUAL? [33mfalse[39m
ARE THEY EQUAL? [33mfalse[39m
ARE THEY EQUAL? [33mfalse[39m
ARE THEY EQUAL? [33mfalse[39m
ARE THEY EQUAL? [33mfalse[39m
ARE THEY EQUAL? [33mfalse[39m
ARE THEY EQUAL? [33mfalse[39m
ARE THEY EQUAL? [33mfalse[39m
ARE THEY EQUAL? [33mfalse[39m
ARE THEY EQUAL? [33mfalse[39m
ARE THEY EQUAL? [33mfalse[39m
ARE THEY EQUAL? [33mfalse[39m
ARE THEY EQUAL? [33mfalse[39m
ARE THEY EQUAL? [33mfalse[39m
ARE THEY EQUAL? [33mfalse[39m
ARE THEY EQUAL? [33mfalse[39m
ARE THEY EQUAL? [33mfalse[39m
ARE THEY EQUAL? [33mfalse[39m
ARE THEY EQUAL? [33mfalse[39m
ARE THEY EQUAL? [33mfalse[39m
ARE THEY EQUAL? [33mfalse[39m
ARE THEY EQUAL? [33mfalse[39m
ARE THEY EQUAL? [33mfalse[39m
ARE THEY EQUAL? [33mfalse[39m
ARE THEY EQUAL? [33mfalse[39m
ARE THEY EQUAL? [33mfalse[39m
ARE THEY EQUAL? [33mfalse[39m
ARE THEY EQUAL? [33mfalse[39m
ARE THEY EQUAL? [33mfalse[39m
ARE THEY EQUAL? [33mfalse[39m
ARE THEY EQUAL? [33mfalse[39m
ARE THEY EQUAL? [33mfalse[39m
ARE THEY EQUAL? [33mfalse[39m
ARE THEY EQUAL? [33mfalse[39m
ARE THEY EQUAL? [33mfalse[39m
ARE THEY EQUAL? [33mfalse[39m
ARE THEY EQUAL? [33mfalse[39m
ARE THEY EQUAL? [33mfalse[39m
ARE THEY EQUAL? [33mfalse[39m
ARE THEY EQUAL? [33mfalse[39m
ARE THEY EQUAL? [33mfalse[39m
ARE THEY EQUAL? [33mfalse[39m
ARE THEY EQUAL? [33mfalse[39m
ARE THEY EQUAL? [33mfalse[39m
ARE THEY EQUAL? [33mfalse[39m
ARE THEY EQUAL? [33mfalse[39m
ARE THEY EQUAL? [33mfalse[39m
ARE THEY EQUAL? [33mfalse[39m
ARE THEY EQUAL? [33mfalse[39m
ARE THEY EQUAL? [33mfalse[39m
ARE THEY EQUAL? [33mfalse[39m
ARE THEY EQUAL? [33mfalse[39m
ARE THEY EQUAL? [33mfalse[39m
ARE THEY EQUAL? [33mfalse[39m
ARE THEY EQUAL? [33mfalse[39m
ARE THEY EQUAL? [33mfalse[39m
ARE THEY EQUAL? [33mfalse[39m
ARE THEY EQUAL? [33mfalse[39m
ARE THEY EQUAL? [33mfalse[39m
ARE THEY EQUAL? [33mfalse[39m
ARE THEY EQUAL? [33mfalse[39m
ARE THEY EQUAL? [33mfalse[39m
ARE THEY EQUAL? [33mfalse[39m
ARE THEY EQUAL? [33mfalse[39m
ARE THEY EQUAL? [33mfalse[39m
ARE THEY EQUAL? [33mfalse[39m

 [31m❯[39m tests/history.test.ts [2m([22m[2m9 tests[22m[2m | [22m[31m4 failed[39m[2m)[22m[32m 139[2mms[22m[39m
     [32m✓[39m should record history and undo/redo state changes correctly[32m 14[2mms[22m[39m
     [32m✓[39m should restore selection on undo[32m 6[2mms[22m[39m
     [32m✓[39m should clear future on new action[32m 9[2mms[22m[39m
     [32m✓[39m should keep workflow histories isolated[32m 6[2mms[22m[39m
[31m   [31m×[31m should not create history on no-op[39m[32m 12[2mms[22m[39m
[31m   [31m×[31m should group field-specific changes within 1 second[39m[32m 4[2mms[22m[39m
[31m   [31m×[31m should make clear canvas undoable[39m[32m 2[2mms[22m[39m
[31m   [31m×[31m should undo subgraph paste atomically[39m[32m 1[2mms[22m[39m
   [32m✓[39m should limit history to 100 entries[32m 83[2mms[22m[39m

[2m Test Files [22m [1m[31m1 failed[39m[22m[90m (1)[39m
[2m      Tests [22m [1m[31m4 failed[39m[22m[2m | [22m[1m[32m5 passed[39m[22m[90m (9)[39m
[2m   Start at [22m 06:45:05
[2m   Duration [22m 930ms[2m (transform 302ms, setup 0ms, import 491ms, tests 139ms, environment 0ms)[22m

